// Jest Snapshot v1, https://goo.gl/fbAQLP

exports[`PasswordGeneration renders correctly 1`] = `
<div>
  <input
    readOnly={true}
  />
  <button
    disabled={false}
    onClick={[Function]}
  >
    Generate one time password
  </button>
  <p />
</div>
`;
